equest: <ref *1> ClientRequest {
1|devnet  |     _events: [Object: null prototype] {
1|devnet  |       abort: [Function (anonymous)],
1|devnet  |       aborted: [Function (anonymous)],
1|devnet  |       connect: [Function (anonymous)],
1|devnet  |       error: [Function (anonymous)],
1|devnet  |       socket: [Function (anonymous)],
1|devnet  |       timeout: [Function (anonymous)],
1|devnet  |       finish: [Function: requestOnFinish]
1|devnet  |     },
1|devnet  |     _eventsCount: 7,
1|devnet  |     _maxListeners: undefined,
1|devnet  |     outputData: [],
1|devnet  |     outputSize: 0,
1|devnet  |     writable: true,
1|devnet  |     destroyed: false,
1|devnet  |     _last: true,
1|devnet  |     chunkedEncoding: false,
1|devnet  |     shouldKeepAlive: false,
1|devnet  |     maxRequestsOnConnectionReached: false,
1|devnet  |     _defaultKeepAlive: true,
1|devnet  |     useChunkedEncodingByDefault: true,
1|devnet  |     sendDate: false,
1|devnet  |     _removedConnection: false,
1|devnet  |     _removedContLen: false,
1|devnet  |     _removedTE: false,
1|devnet  |     strictContentLength: false,
1|devnet  |     _contentLength: '60',
1|devnet  |     _hasBody: true,
1|devnet  |     _trailer: '',
1|devnet  |     finished: true,
1|devnet  |     _headerSent: true,
1|devnet  |     _closed: false,
1|devnet  |     socket: TLSSocket {
1|devnet  |       _tlsOptions: [Object],
1|devnet  |       _secureEstablished: true,
1|devnet  |       _securePending: false,
1|devnet  |       _newSessionPending: false,
1|devnet  |       _controlReleased: true,
1|devnet  |       secureConnecting: false,
1|devnet  |       _SNICallback: null,
1|devnet  |       servername: 'mainnet.block-engine.jito.wtf',
1|devnet  |       alpnProtocol: false,
1|devnet  |       authorized: true,
1|devnet  |       authorizationError: null,
1|devnet  |       encrypted: true,
1|devnet  |       _events: [Object: null prototype],
1|devnet  |       _eventsCount: 10,
1|devnet  |       connecting: false,
1|devnet  |       _hadError: false,
1|devnet  |       _parent: null,
1|devnet  |       _host: 'mainnet.block-engine.jito.wtf',
1|devnet  |       _closeAfterHandlingError: false,
1|devnet  |       _readableState: [ReadableState],
1|devnet  |       _maxListeners: undefined,
1|devnet  |       _writableState: [WritableState],
1|devnet  |       allowHalfOpen: false,
1|devnet  |       _sockname: null,
1|devnet  |       _pendingData: null,
1|devnet  |       _pendingEncoding: '',
1|devnet  |       server: undefined,
1|devnet  |       _server: null,
1|devnet  |       ssl: [TLSWrap],
1|devnet  |       _requestCert: true,
1|devnet  |       _rejectUnauthorized: true,
1|devnet  |       parser: null,
1|devnet  |       _httpMessage: [Circular *1],
1|devnet  |       [Symbol(alpncallback)]: null,
1|devnet  |       [Symbol(res)]: [TLSWrap],
1|devnet  |       [Symbol(verified)]: true,
1|devnet  |       [Symbol(pendingSession)]: null,
1|devnet  |       [Symbol(async_id_symbol)]: 423,
1|devnet  |       [Symbol(kHandle)]: [TLSWrap],
1|devnet  |       [Symbol(lastWriteQueueSize)]: 0,
1|devnet  |       [Symbol(timeout)]: null,
1|devnet  |       [Symbol(kBuffer)]: null,
1|devnet  |       [Symbol(kBufferCb)]: null,
1|devnet  |       [Symbol(kBufferGen)]: null,
1|devnet  |       [Symbol(kCapture)]: false,
1|devnet  |       [Symbol(kSetNoDelay)]: false,
1|devnet  |       [Symbol(kSetKeepAlive)]: true,
1|devnet  |       [Symbol(kSetKeepAliveInitialDelay)]: 60,
1|devnet  |       [Symbol(kBytesRead)]: 0,
1|devnet  |       [Symbol(kBytesWritten)]: 0,
1|devnet  |       [Symbol(connect-options)]: [Object]
1|devnet  |     },
1|devnet  |     _header: 'POST /api/v1/bundles HTTP/1.1\r\n' +
1|devnet  |       'Accept: application/json, text/plain, */*\r\n' +
1|devnet  |       'Content-Type: application/json\r\n' +
1|devnet  |       'User-Agent: axios/1.7.3\r\n' +
1|devnet  |       'Content-Length: 60\r\n' +
1|devnet  |       'Accept-Encoding: gzip, compress, deflate, br\r\n' +
1|devnet  |       'Host: mainnet.block-engine.jito.wtf\r\n' +
1|devnet  |       'Connection: close\r\n' +
1|devnet  |       '\r\n',
1|devnet  |     _keepAliveTimeout: 0,
1|devnet  |     _onPendingData: [Function: nop],
1|devnet  |     agent: Agent {
1|devnet  |       _events: [Object: null prototype],
1|devnet  |       _eventsCount: 2,
1|devnet  |       _maxListeners: undefined,
1|devnet  |       defaultPort: 443,
1|devnet  |       protocol: 'https:',
1|devnet  |       options: [Object: null prototype],
1|devnet  |       requests: [Object: null prototype] {},
1|devnet  |       sockets: [Object: null prototype],
1|devnet  |       freeSockets: [Object: null prototype] {},
1|devnet  |       keepAliveMsecs: 1000,
1|devnet  |       keepAlive: false,
1|devnet  |       maxSockets: Infinity,
1|devnet  |       maxFreeSockets: 256,
1|devnet  |       scheduling: 'lifo',
1|devnet  |       maxTotalSockets: Infinity,
1|devnet  |       totalSocketCount: 1,
1|devnet  |       maxCachedSessions: 100,
1|devnet  |       _sessionCache: [Object],
1|devnet  |       [Symbol(kCapture)]: false
1|devnet  |     },
1|devnet  |     socketPath: undefined,
1|devnet  |     method: 'POST',
1|devnet  |     maxHeaderSize: undefined,
1|devnet  |     insecureHTTPParser: undefined,
1|devnet  |     joinDuplicateHeaders: undefined,
1|devnet  |     path: '/api/v1/bundles',
1|devnet  |     _ended: true,
1|devnet  |     res: IncomingMessage {
1|devnet  |       _readableState: [ReadableState],
1|devnet  |       _events: [Object: null prototype],
1|devnet  |       _eventsCount: 4,
1|devnet  |       _maxListeners: undefined,
1|devnet  |       socket: [TLSSocket],
1|devnet  |       httpVersionMajor: 1,
1|devnet  |       httpVersionMinor: 1,
1|devnet  |       httpVersion: '1.1',
1|devnet  |       complete: true,
1|devnet  |       rawHeaders: [Array],
1|devnet  |       rawTrailers: [],
1|devnet  |       joinDuplicateHeaders: undefined,
1|devnet  |       aborted: false,
1|devnet  |       upgrade: false,
1|devnet  |       url: '',
1|devnet  |       method: null,
1|devnet  |       statusCode: 400,
1|devnet  |       statusMessage: 'Bad Request',
1|devnet  |       client: [TLSSocket],
1|devnet  |       _consuming: false,
1|devnet  |       _dumped: false,
1|devnet  |       req: [Circular *1],
1|devnet  |       responseUrl: 'https://mainnet.block-engine.jito.wtf/api/v1/bundles',
1|devnet  |       redirects: [],
1|devnet  |       [Symbol(kCapture)]: false,
1|devnet  |       [Symbol(kHeaders)]: [Object],
1|devnet  |       [Symbol(kHeadersCount)]: 12,
1|devnet  |       [Symbol(kTrailers)]: null,
1|devnet  |       [Symbol(kTrailersCount)]: 0
1|devnet  |     },
1|devnet  |     aborted: false,
1|devnet  |     timeoutCb: null,
1|devnet  |     upgradeOrConnect: false,
1|devnet  |     parser: null,
1|devnet  |     maxHeadersCount: null,
1|devnet  |     reusedSocket: false,
1|devnet  |     host: 'mainnet.block-engine.jito.wtf',
1|devnet  |     protocol: 'https:',
1|devnet  |     _redirectable: Writable {
1|devnet  |       _writableState: [WritableState],
1|devnet  |       _events: [Object: null prototype],
1|devnet  |       _eventsCount: 3,
1|devnet  |       _maxListeners: undefined,
1|devnet  |       _options: [Object],
1|devnet  |       _ended: true,
1|devnet  |       _ending: true,
1|devnet  |       _redirectCount: 0,
1|devnet  |       _redirects: [],
1|devnet  |       _requestBodyLength: 60,
1|devnet  |       _requestBodyBuffers: [],
1|devnet  |       _onNativeResponse: [Function (anonymous)],
1|devnet  |       _currentRequest: [Circular *1],
1|devnet  |       _currentUrl: 'https://mainnet.block-engine.jito.wtf/api/v1/bundles',
1|devnet  |       [Symbol(kCapture)]: false
1|devnet  |     },
1|devnet  |     [Symbol(kCapture)]: false,
1|devnet  |     [Symbol(kBytesWritten)]: 0,
1|devnet  |     [Symbol(kNeedDrain)]: false,
1|devnet  |     [Symbol(corked)]: 0,
1|devnet  |     [Symbol(kOutHeaders)]: [Object: null prototype] {
1|devnet  |       accept: [Array],
1|devnet  |       'content-type': [Array],
1|devnet  |       'user-agent': [Array],
1|devnet  |       'content-length': [Array],
1|devnet  |       'accept-encoding': [Array],
1|devnet  |       host: [Array]
1|devnet  |     },
1|devnet  |     [Symbol(errored)]: null,
1|devnet  |     [Symbol(kHighWaterMark)]: 16384,
1|devnet  |     [Symbol(kRejectNonStandardBodyWrites)]: false,
1|devnet  |     [Symbol(kUniqueHeaders)]: null
1|devnet  |   },
1|devnet  |   response: {
1|devnet  |     status: 400,
1|devnet  |     statusText: 'Bad Request',
1|devnet  |     headers: Object [AxiosHeaders] {
1|devnet  |       'content-type': 'application/json',
1|devnet  |       'content-length': '99',
1|devnet  |       date: 'Sun, 04 Aug 2024 18:01:50 GMT',
1|devnet  |       'x-envoy-upstream-service-time': '0',
1|devnet  |       server: 'jito-block-engine',
1|devnet  |       connection: 'close'
1|devnet  |     },
1|devnet  |     config: {
1|devnet  |       transitional: [Object],
1|devnet  |       adapter: [Array],
1|devnet  |       transformRequest: [Array],
1|devnet  |       transformResponse: [Array],
1|devnet  |       timeout: 0,
1|devnet  |       xsrfCookieName: 'XSRF-TOKEN',
1|devnet  |       xsrfHeaderName: 'X-XSRF-TOKEN',
1|devnet  |       maxContentLength: -1,
1|devnet  |       maxBodyLength: -1,
1|devnet  |       env: [Object],
1|devnet  |       validateStatus: [Function: validateStatus],
1|devnet  |       headers: [Object [AxiosHeaders]],
1|devnet  |       method: 'post',
1|devnet  |       url: 'https://mainnet.block-engine.jito.wtf/api/v1/bundles',
1|devnet  |       data: '{"jsonrpc":"2.0","id":1,"method":"sendBundle","params":[[]]}'
1|devnet  |     },
1|devnet  |     request: <ref *1> ClientRequest {
1|devnet  |       _events: [Object: null prototype],
1|devnet  |       _eventsCount: 7,
1|devnet  |       _maxListeners: undefined,
1|devnet  |       outputData: [],
1|devnet  |       outputSize: 0,
1|devnet  |       writable: true,
1|devnet  |       destroyed: false,
1|devnet  |       _last: true,
1|devnet  |       chunkedEncoding: false,
1|devnet  |       shouldKeepAlive: false,
1|devnet  |       maxRequestsOnConnectionReached: false,
1|devnet  |       _defaultKeepAlive: true,
1|devnet  |       useChunkedEncodingByDefault: true,
1|devnet  |       sendDate: false,
1|devnet  |       _removedConnection: false,
1|devnet  |       _removedContLen: false,
1|devnet  |       _removedTE: false,
1|devnet  |       strictContentLength: false,
1|devnet  |       _contentLength: '60',
1|devnet  |       _hasBody: true,
1|devnet  |       _trailer: '',
1|devnet  |       finished: true,
1|devnet  |       _headerSent: true,
1|devnet  |       _closed: false,
1|devnet  |       socket: [TLSSocket],
1|devnet  |       _header: 'POST /api/v1/bundles HTTP/1.1\r\n' +
1|devnet  |         'Accept: application/json, text/plain, */*\r\n' +
1|devnet  |         'Content-Type: application/json\r\n' +
1|devnet  |         'User-Agent: axios/1.7.3\r\n' +
1|devnet  |         'Content-Length: 60\r\n' +
1|devnet  |         'Accept-Encoding: gzip, compress, deflate, br\r\n' +
1|devnet  |         'Host: mainnet.block-engine.jito.wtf\r\n' +
1|devnet  |         'Connection: close\r\n' +
1|devnet  |         '\r\n',
1|devnet  |       _keepAliveTimeout: 0,
1|devnet  |       _onPendingData: [Function: nop],
1|devnet  |       agent: [Agent],
1|devnet  |       socketPath: undefined,
1|devnet  |       method: 'POST',
1|devnet  |       maxHeaderSize: undefined,
1|devnet  |       insecureHTTPParser: undefined,
1|devnet  |       joinDuplicateHeaders: undefined,
1|devnet  |       path: '/api/v1/bundles',
1|devnet  |       _ended: true,
1|devnet  |       res: [IncomingMessage],
1|devnet  |       aborted: false,
1|devnet  |       timeoutCb: null,
1|devnet  |       upgradeOrConnect: false,
1|devnet  |       parser: null,
1|devnet  |       maxHeadersCount: null,
1|devnet  |       reusedSocket: false,
1|devnet  |       host: 'mainnet.block-engine.jito.wtf',
1|devnet  |       protocol: 'https:',
1|devnet  |       _redirectable: [Writable],
1|devnet  |       [Symbol(kCapture)]: false,
1|devnet  |       [Symbol(kBytesWritten)]: 0,
1|devnet  |       [Symbol(kNeedDrain)]: false,
1|devnet  |       [Symbol(corked)]: 0,
1|devnet  |       [Symbol(kOutHeaders)]: [Object: null prototype],
1|devnet  |       [Symbol(errored)]: null,
1|devnet  |       [Symbol(kHighWaterMark)]: 16384,
1|devnet  |       [Symbol(kRejectNonStandardBodyWrites)]: false,
1|devnet  |       [Symbol(kUniqueHeaders)]: null
1|devnet  |     },
1|devnet  |     data: { jsonrpc: '2.0', error: [Object], id: 1 }
1|devnet  |   }
1|devnet  | }
^C
root@Solana-maker:~/devnet-api# 